<html>
<body>
<pre>
<h1>礦ision Build Log</h1>
<h2>Tool Versions:</h2>
IDE-Version: μVision V5.14.0.0
Copyright (C) 2015 ARM Ltd and ARM Germany GmbH. All rights reserved.
License Information: 1 Sky123.Org, Sky123.Org, LIC=R4HWF-60X7R-06PQU-SYVHQ-V9YMJ-YRG6R
 
Tool Versions:
Toolchain:       MDK-ARM Professional  Version: 5.14.0.0
Toolchain Path:  D:\STM32\ARM\ARMCC\Bin
C Compiler:      Armcc.exe V5.05 update 1 (build 106)
Assembler:       Armasm.exe V5.05 update 1 (build 106)
Linker/Locator:  ArmLink.exe V5.05 update 1 (build 106)
Library Manager: ArmAr.exe V5.05 update 1 (build 106)
Hex Converter:   FromElf.exe V5.05 update 1 (build 106)
CPU DLL:         SARMCM3.DLL V5.14.0.0
Dialog DLL:      DARMSTM.DLL V1.65.0.0
Target DLL:      STLink\ST-LINKIII-KEIL_SWO.dll V2.0.14.0_KEIL
Dialog DLL:      TARMSTM.DLL V1.64.0.0
 
<h2>Project:</h2>
C:\Users\Administrator\Desktop\cancar\2、转速\Proj\CAN.uvprojx
Project File Date:  02/26/2019

<h2>Output:</h2>
Rebuild target 'CAN'
compiling stm32f10x_it.c...
compiling main.c...
compiling delay.c...
compiling Bsp.c...
compiling stm32f10x_usart.c...
compiling misc.c...
compiling stm32f10x_can.c...
compiling stm32f10x_gpio.c...
compiling stm32f10x_iwdg.c...
compiling stm32f10x_rcc.c...
compiling stm32f10x_tim.c...
compiling core_cm3.c...
compiling system_stm32f10x.c...
assembling startup_stm32f10x_md.s...
linking...
Program Size: Code=11408 RO-data=268 RW-data=80 ZI-data=1632  
FromELF: creating hex file...
".\Output\CAN.axf" - 0 Error(s), 0 Warning(s).

<h2>Collection of Component include folders:</h2>
  C:\Users\Administrator\Desktop\cancar\2、转速\Proj\RTE
  D:\STM32\ARM\PACK\Keil\STM32F1xx_DFP\1.0.5\Device\Include

<h2>Collection of Component Files used:</h2>
</pre>
</body>
</html>
